Script started on Fri 22 Mar 2019 08:42:48 PM EDT
shabanao:~/209_repo/t10>gdb rn[Kandclient
GNU gdb (Ubuntu 7.11.1-0ubuntu1~16.5) 7.11.1
Copyright (C) 2016 Free Software Foundation, Inc.
License GPLv3+: GNU GPL version 3 or later <http://gnu.org/licenses/gpl.html>
This is free software: you are free to change and redistribute it.
There is NO WARRANTY, to the extent permitted by law.  Type "show copying"
and "show warranty" for details.
This GDB was configured as "x86_64-linux-gnu".
Type "show configuration" for configuration details.
For bug reporting instructions, please see:
<http://www.gnu.org/software/gdb/bugs/>.
Find the GDB manual and other documentation resources online at:
<http://www.gnu.org/software/gdb/documentation/>.
For help, type "help".
Type "apropos word" to search for commands related to "word"...
Reading symbols from randclient...done.
(gdb) break main
Breakpoint 1 at 0x401135: file randclient.c, line 24.
(gdb) run 127.0.0.1
Starting program: /student/shabanao/209_repo/t10/randclient 127.0.0.1
[Thread debugging using libthread_db enabled]
Using host libthread_db library "/lib/x86_64-linux-gnu/libthread_db.so.1".

Breakpoint 1, main (argc=2, argv=0x7fffffffea38) at randclient.c:24
24	    if (argc != 2) {
(gdb) 
(gdb) 
(gdb) run
The program being debugged has been started already.
Start it from the beginning? (y or n) y[Kn
Program not restarted.
(gdb) 
(gdb) s[Knext
29	    int soc = connect_to_server(PORT, argv[1]);
(gdb) 
connect: Connection refused
[Inferior 1 (process 11207) exited with code 01]
(gdb) 
The program is not being run.
(gdb) next[1Prun 127.0.0.1[C[C[C[C[C[C[3Pbreak main[C[C[C[C[C[Crun 127.0.0.1
Starting program: /student/shabanao/209_repo/t10/randclient 127.0.0.1
[Thread debugging using libthread_db enabled]
Using host libthread_db library "/lib/x86_64-linux-gnu/libthread_db.so.1".

Breakpoint 1, main (argc=2, argv=0x7fffffffea38) at randclient.c:24
24	    if (argc != 2) {
(gdb) next
29	    int soc = connect_to_server(PORT, argv[1]);
(gdb) 
31	    write_random_pieces(soc, MESSAGE, TIMES);
(gdb) 
33	    close(soc);
(gdb) 
34	    return 0;
(gdb) 
35	}
(gdb) 
__libc_start_main (main=0x401126 <main>, argc=2, argv=0x7fffffffea38, 
    init=<optimized out>, fini=<optimized out>, rtld_fini=<optimized out>, 
    stack_end=0x7fffffffea28) at ../csu/libc-start.c:325
325	../csu/libc-start.c: No such file or directory.
(gdb) 
[Inferior 1 (process 11223) exited normally]
(gdb) 
The program is not being run.
(gdb) 
The program is not being run.
(gdb) 
[1]+  Stopped                 gdb randclient
shabanao:~/209_repo/t10>gdb randclientexit[K./randclient 127.0.0.1exit[K
exit
There are stopped jobs.
shabanao:~/209_repo/t10>exit
exit
Exception ignored in: <gdb.GdbOutputFile object at 0x7f527518c898>
Traceback (most recent call last):
  File "/usr/share/gdb/python/gdb/__init__.py", line 43, in flush
    def flush(self):
KeyboardInterrupt

Script done on Fri 22 Mar 2019 08:47:42 PM EDT
